Parser Errors:
  line 6:4 missing '{' at 'x'
  line 9:0 mismatched input '}' expecting {KET_IDENTIFIER, BRA_IDENTIFIER, INT, FLOAT, CHAR, STRING, COMPLEX, 'true', 'false', '+', '-', '!', '(', '[', '{', IDENTIFIER}
